<html>
<body>
<pre>
<h1>µVision Build Log</h1>
<h2>Tool Versions:</h2>
IDE-Version: µVision V5.39.0.0
Copyright (C) 2023 ARM Ltd and ARM Germany GmbH. All rights reserved.
License Information: Vysakh c, nil, LIC=----
 
Tool Versions:
Toolchain:       MDK-Lite  Version: 5.39.0.0
Toolchain Path:  C:\Keil_v5\ARM\ARMCLANG\Bin
C Compiler:      ArmClang.exe V6.21
Assembler:       Armasm.exe V6.21
Linker/Locator:  ArmLink.exe V6.21
Library Manager: ArmAr.exe V6.21
Hex Converter:   FromElf.exe V6.21
CPU DLL:         SARMCM3.DLL V5.39.0.0
Dialog DLL:      DCM.DLL V1.17.5.0
Target DLL:      UL2CM3.DLL V1.164.9.0
Dialog DLL:      TCM.DLL V1.56.4.0
 
<h2>Project:</h2>
D:\STM32F407-Programs-CMSIS\16_UART_Tx_interrupt\16_UART_Tx_interrupt.uvprojx
Project File Date:  04/23/2024

<h2>Output:</h2>
*** Using Compiler 'V6.21', folder: 'C:\Keil_v5\ARM\ARMCLANG\Bin'
Build target 'Target 1'
RTE/Device/STM32F407VGTx/system_stm32f4xx.c(263): warning: unsafe buffer access [-Wunsafe-buffer-usage]
  263 |   tmp = AHBPrescTable[((RCC->CFGR & RCC_CFGR_HPRE) >> 4)];
      |         ^~~~~~~~~~~~~
1 warning generated.
compiling system_stm32f4xx.c...
assembling startup_stm32f407xx.s...
main.c(32): warning: no previous extern declaration for non-static variable 'tx_buffer_head' [-Wmissing-variable-declarations]
   32 | volatile int tx_buffer_head = 0;
      |              ^
main.c(32): note: declare 'static' if the variable is not intended to be used outside of this translation unit
   32 | volatile int tx_buffer_head = 0;
      |          ^
main.c(33): warning: no previous extern declaration for non-static variable 'tx_buffer_tail' [-Wmissing-variable-declarations]
   33 | volatile int tx_buffer_tail = 0;
      |              ^
main.c(33): note: declare 'static' if the variable is not intended to be used outside of this translation unit
   33 | volatile int tx_buffer_tail = 0;
      |          ^
main.c(135): warning: no previous prototype for function 'USART2_IRQHandler' [-Wmissing-prototypes]
  135 | void USART2_IRQHandler(void)
      |      ^
main.c(135): note: declare 'static' if the function is not intended to be used outside of this translation unit
  135 | void USART2_IRQHandler(void)
      | ^
      | static 
main.c(31): warning: no previous extern declaration for non-static variable 'tx_buffer' [-Wmissing-variable-declarations]
   31 | volatile char tx_buffer[BUFFER_SIZE];
      |               ^
main.c(31): note: declare 'static' if the variable is not intended to be used outside of this translation unit
   31 | volatile char tx_buffer[BUFFER_SIZE];
      |          ^
main.c(119): warning: unsafe buffer access [-Wunsafe-buffer-usage]
  119 |     tx_buffer[tx_buffer_head++] = ch;
      |     ^~~~~~~~~
main.c(129): warning: unsafe buffer access [-Wunsafe-buffer-usage]
  129 |         tx_buffer[tx_buffer_head++] = *str++;
      |         ^~~~~~~~~
main.c(129): warning: unsafe pointer arithmetic [-Wunsafe-buffer-usage]
  129 |         tx_buffer[tx_buffer_head++] = *str++;
      |                                        ^~~
main.c(141): warning: unsafe buffer access [-Wunsafe-buffer-usage]
  141 |             USART2->DR = tx_buffer[tx_buffer_tail++];  // Send the next character
      |                          ^~~~~~~~~
8 warnings generated.
compiling main.c...
linking...
Program Size: Code=970 RO-data=418 RW-data=0 ZI-data=1768  
".\Objects\16_UART_Tx_interrupt.axf" - 0 Error(s), 9 Warning(s).

<h2>Software Packages used:</h2>

Package Vendor: ARM
                https://www.keil.com/pack/ARM.CMSIS.6.0.0.pack
                ARM::CMSIS@6.0.0
                CMSIS (Common Microcontroller Software Interface Standard)
   * Component: CORE Version: 6.0.0

Package Vendor: Keil
                https://www.keil.com/pack/Keil.STM32F4xx_DFP.2.17.1.pack
                Keil::STM32F4xx_DFP@2.17.1
                STMicroelectronics STM32F4 Series Device Support, Drivers and Examples
   * Component: Startup Version: 2.6.3

<h2>Collection of Component include folders:</h2>
  ./RTE/_Target_1
  C:/Users/user/AppData/Local/Arm/Packs/ARM/CMSIS/6.0.0/CMSIS/Core/Include
  C:/Users/user/AppData/Local/Arm/Packs/Keil/STM32F4xx_DFP/2.17.1/Drivers/CMSIS/Device/ST/STM32F4xx/Include

<h2>Collection of Component Files used:</h2>

   * Component: ARM::CMSIS:CORE@6.0.0

   * Component: Keil::Device:Startup@2.6.3
      Source file:   MDK/Device/Source/ARM/STM32F4xx_OTP.s
      Include file:  Drivers/CMSIS/Device/ST/STM32F4xx/Include/stm32f4xx.h
      Source file:   Drivers/CMSIS/Device/ST/STM32F4xx/Source/Templates/arm/startup_stm32f407xx.s
      Source file:   MDK/Device/Source/ARM/STM32F40xxx_41xxx_OPT.s
      Source file:   Drivers/CMSIS/Device/ST/STM32F4xx/Source/Templates/system_stm32f4xx.c
Build Time Elapsed:  00:00:01
</pre>
</body>
</html>
