<html>
<body>
<pre>
<h1>µVision Build Log</h1>
<h2>Tool Versions:</h2>
IDE-Version: µVision V5.39.0.0
Copyright (C) 2023 ARM Ltd and ARM Germany GmbH. All rights reserved.
License Information: vysakh c, HP Inc., LIC=----
 
Tool Versions:
Toolchain:       MDK-Lite  Version: 5.39.0.0
Toolchain Path:  C:\Keil_v5\ARM\ARMCLANG\Bin
C Compiler:      ArmClang.exe V6.21
Assembler:       Armasm.exe V6.21
Linker/Locator:  ArmLink.exe V6.21
Library Manager: ArmAr.exe V6.21
Hex Converter:   FromElf.exe V6.21
CPU DLL:         SARMCM3.DLL V5.39.0.0
Dialog DLL:      DCM.DLL V1.17.5.0
Target DLL:      STLink\ST-LINKIII-KEIL_SWO.dll V3.2.0.0
Dialog DLL:      TCM.DLL V1.56.4.0
 
<h2>Project:</h2>
D:\STM32F407-Programs-CMSIS\DHT11\UART_Tx.uvprojx
Project File Date:  05/11/2024

<h2>Output:</h2>
*** Using Compiler 'V6.21', folder: 'C:\Keil_v5\ARM\ARMCLANG\Bin'
Build target 'Target 1'
main.c(7): warning: 'GPIOA_BASE' macro redefined [-Wmacro-redefined]
    7 | #define GPIOA_BASE 0x40020000UL
      |         ^
C:/Users/vysak/AppData/Local/Arm/Packs/Keil/STM32F4xx_DFP/2.17.1/Drivers/CMSIS/Device/ST/STM32F4xx/Include/stm32f407xx.h(981): note: previous definition is here
  981 | #define GPIOA_BASE            (AHB1PERIPH_BASE + 0x0000UL)
      |         ^
main.c(99): warning: illegal character encoding in string literal [-Winvalid-source-encoding]
   99 |             printf("Temperature: %d.%d<B0>C\n", temperature_int, temperature_dec);
      |                                       ^~~~
main.c(14): warning: no previous extern declaration for non-static variable 'DHT11_Data' [-Wmissing-variable-declarations]
   14 | uint8_t DHT11_Data[5]; // Declare DHT11_Data array
      |         ^
main.c(14): note: declare 'static' if the variable is not intended to be used outside of this translation unit
   14 | uint8_t DHT11_Data[5]; // Declare DHT11_Data array
      | ^
main.c(77): warning: unsafe buffer access [-Wunsafe-buffer-usage]
   77 |                 DHT11_Data[i] = DHT11_ReadByte();
      |                 ^~~~~~~~~~
main.c(79): warning: unsafe buffer access [-Wunsafe-buffer-usage]
   79 |             if ((DHT11_Data[0] + DHT11_Data[1] + DHT11_Data[2] + DHT11_Data[3]) == DHT11_Data[4]) {
      |                                  ^~~~~~~~~~
main.c(79): warning: unsafe buffer access [-Wunsafe-buffer-usage]
   79 |             if ((DHT11_Data[0] + DHT11_Data[1] + DHT11_Data[2] + DHT11_Data[3]) == DHT11_Data[4]) {
      |                                                  ^~~~~~~~~~
main.c(79): warning: unsafe buffer access [-Wunsafe-buffer-usage]
   79 |             if ((DHT11_Data[0] + DHT11_Data[1] + DHT11_Data[2] + DHT11_Data[3]) == DHT11_Data[4]) {
      |                                                                  ^~~~~~~~~~
main.c(79): warning: unsafe buffer access [-Wunsafe-buffer-usage]
   79 |             if ((DHT11_Data[0] + DHT11_Data[1] + DHT11_Data[2] + DHT11_Data[3]) == DHT11_Data[4]) {
      |                                                                                    ^~~~~~~~~~
main.c(94): warning: unsafe buffer access [-Wunsafe-buffer-usage]
   94 |             uint8_t humidity_dec = DHT11_Data[1];
      |                                    ^~~~~~~~~~
main.c(95): warning: unsafe buffer access [-Wunsafe-buffer-usage]
   95 |             uint8_t temperature_int = DHT11_Data[2];
      |                                       ^~~~~~~~~~
main.c(96): warning: unsafe buffer access [-Wunsafe-buffer-usage]
   96 |             uint8_t temperature_dec = DHT11_Data[3];
      |                                       ^~~~~~~~~~
11 warnings generated.
compiling main.c...
linking...
Program Size: Code=10256 RO-data=1056 RW-data=16 ZI-data=1896  
".\Objects\UART_Tx.axf" - 0 Error(s), 11 Warning(s).

<h2>Software Packages used:</h2>

Package Vendor: ARM
                https://www.keil.com/pack/ARM.CMSIS.6.0.0.pack
                ARM::CMSIS@6.0.0
                CMSIS (Common Microcontroller Software Interface Standard)
   * Component: CORE Version: 6.0.0

Package Vendor: Keil
                https://www.keil.com/pack/Keil.STM32F4xx_DFP.2.17.1.pack
                Keil::STM32F4xx_DFP@2.17.1
                STMicroelectronics STM32F4 Series Device Support, Drivers and Examples
   * Component: Startup Version: 2.6.3

<h2>Collection of Component include folders:</h2>
  ./RTE/_Target_1
  C:/Users/vysak/AppData/Local/Arm/Packs/ARM/CMSIS/6.0.0/CMSIS/Core/Include
  C:/Users/vysak/AppData/Local/Arm/Packs/Keil/STM32F4xx_DFP/2.17.1/Drivers/CMSIS/Device/ST/STM32F4xx/Include

<h2>Collection of Component Files used:</h2>

   * Component: ARM::CMSIS:CORE@6.0.0

   * Component: Keil::Device:Startup@2.6.3
      Include file:  Drivers/CMSIS/Device/ST/STM32F4xx/Include/stm32f4xx.h
      Source file:   MDK/Device/Source/ARM/STM32F40xxx_41xxx_OPT.s
      Source file:   Drivers/CMSIS/Device/ST/STM32F4xx/Source/Templates/arm/startup_stm32f407xx.s
      Source file:   MDK/Device/Source/ARM/STM32F4xx_OTP.s
      Source file:   Drivers/CMSIS/Device/ST/STM32F4xx/Source/Templates/system_stm32f4xx.c
Build Time Elapsed:  00:00:01
</pre>
</body>
</html>
